// Vitest Snapshot v1, https://vitest.dev/guide/snapshot.html

exports[`<EmptyState /> > should match the snapshot 1`] = `
<div
  class="flex h-full flex-col items-center justify-center gap-3"
>
  <img
    class="h-6 w-6 opacity-80"
    src="search.svg"
  />
  <p
    class="text-md font-medium text-white"
  >
    No Projects Found
  </p>
  <p
    class="text-sm text-neutral-400"
  >
    No Projects Found. Please add a new Project.
  </p>
  <button
    class="rounded bg-blue-600 px-4 py-1.5 text-sm font-medium text-white hover:bg-blue-500"
    data-testid="table-create-new"
  >
    + Add New Project
  </button>
</div>
`;
