// Vitest Snapshot v1, https://vitest.dev/guide/snapshot.html

exports[`<SearchBar /> > should match the snapshot 1`] = `
<div
  class="relative w-56"
>
  <img
    alt=""
    class="absolute left-2.5 top-1/2 h-4 w-4 -translate-y-1/2 opacity-70"
    src="search.svg"
  />
  <input
    aria-label="Search projects"
    class="h-8 w-full rounded border border-app-border bg-dark pl-8 pr-3 text-sm text-neutral-200 outline-none focus:border-neutral-500"
    data-testid="searchbar"
    placeholder="Search..."
    value=""
  />
</div>
`;
