// Vitest Snapshot v1, https://vitest.dev/guide/snapshot.html

exports[`<SearchBar /> > should match the snapshot 1`] = `
<div
  class="flex items-stretch overflow-hidden rounded border border-app-border focus-within:border-[#245AC5] w-56"
>
  <span
    class="flex shrink-0 items-center justify-center w-8 bg-[#424242]"
  >
    <img
      alt=""
      aria-hidden="true"
      class="h-4 w-4 opacity-70"
      src="search.svg"
    />
  </span>
  <input
    aria-label="Search projects"
    class="min-w-0 flex-1 border-0 bg-dark px-2 text-neutral-200 outline-none focus-visible:outline-none h-8 text-sm"
    placeholder="Search..."
    value=""
  />
</div>
`;
